// Jest Snapshot v1, https://goo.gl/fbAQLP

exports[`matches snapshot 1`] = `
<header
  className="header-section"
>
  <h1>
    Contact Info
  </h1>
</header>
`;
